
> nextjs-car-auction@0.1.0 build
> next build

node.exe :  ÔÜá Warning: Next.js 
inferred your workspace root, but 
it may not be correct.
At line:1 char:1
+ & "C:\Program 
Files\nodejs/node.exe" 
"C:\Program Files\nodejs/node_mo 
...
+ ~~~~~~~~~~~~~~~~~~~~~~~~~~~~~~~~
~~~~~~~~~~~~~~~~~~~~~~~~~~~~~~~~~~
~~~
    + CategoryInfo          : Not 
   Specified: ( ÔÜá Warning: N..  
  .not be correct.:String) [],    
 RemoteException
    + FullyQualifiedErrorId : Nat 
   iveCommandError
 
 We detected multiple lockfiles 
and selected the directory of 
C:\Users\walee\package-lock.json 
as the root directory.
 To silence this warning, set 
`outputFileTracingRoot` in your 
Next.js config, or consider 
removing one of the lockfiles if 
it's not needed.
   See https://nextjs.org/docs/app
/api-reference/config/next-config-
js/output#caveats for more 
information.
 Detected additional lockfiles: 
   * C:\Users\walee\Downloads\inde
penedent car\package-lock.json

   Ôû▓ Next.js 15.5.9

   Creating an optimized production build ...
 Ô£ô Compiled successfully in 6.1s
   Linting and checking validity of types ...

./components/CarsAuction.tsx
10:10  Warning: 'sortBy' is assigned a value but never used.  @typescript-eslint/no-unused-vars
11:10  Warning: 'isFilterOpen' is assigned a value but never used.  @typescript-eslint/no-unused-vars
11:24  Warning: 'setIsFilterOpen' is assigned a value but never used.  @typescript-eslint/no-unused-vars

./components/ui/calendar.tsx
45:25  Warning: '_props' is defined but never used.  @typescript-eslint/no-unused-vars
46:26  Warning: '_props' is defined but never used.  @typescript-eslint/no-unused-vars

./src/components/CarsAuction.tsx
44:11  Warning: Using `<img>` could result in slower LCP and higher bandwidth. Consider using `<Image />` from `next/image` or a custom image loader to automatically optimize images. This may incur additional usage or cost from your provider. See: https://nextjs.org/docs/messages/no-img-element  @next/next/no-img-element

./src/components/Sidebar.tsx
1:20  Warning: 'Home' is defined but never used.  @typescript-eslint/no-unused-vars

./src/hooks/use-toast.ts
15:7  Warning: 'actionTypes' is assigned a value but only used as a type.  @typescript-eslint/no-unused-vars

info  - Need to disable some ESLint rules? Learn more here: https://nextjs.org/docs/app/api-reference/config/eslint#disabling-rules
Failed to compile.

.next/types/validator.ts:60:39
Type error: Cannot find module 
'../../src/app/page.js' or its 
corresponding type declarations.

[0m [90m 58 |[39m {
 [90m 59 |[39m   type __IsExpect
ed[33m<[39m[33mSpecific[39m 
[36mextends[39m [33mAppPageConf
ig[39m[33m<[39m[32m"/"[39m[3
3m>>[39m [33m=[39m 
[33mSpecific[39m
[31m[1m>[22m[39m[90m 60 
|[39m   [36mconst[39m handler 
[33m=[39m {} [36mas[39m 
[36mtypeof[39m [36mimport[39m(
[32m"../../src/app/page.js"[39m)
 [90m    |[39m                  
                     
[31m[1m^[22m[39m
 [90m 61 |[39m   type __Check 
[33m=[39m __IsExpected[33m<[39
m[36mtypeof[39m 
handler[33m>[39m
 [90m 62 |[39m   [90m// 
@ts-ignore[39m
 [90m 63 |[39m   type __Unused 
[33m=[39m __Check[0m
Next.js build worker exited with 
code: 1 and signal: null
